
> date-range-picker@0.0.0 test
> vitest src/components/DateRangePicker/DateRangePicker.test.tsx --run


[1m[46m RUN [49m[22m [36mv4.0.17 [39m[90mC:/Users/sukru/Downloads/web intern/date-range-picker[39m

 [31mΓ¥»[39m src/components/DateRangePicker/DateRangePicker.test.tsx [2m([22m[2m3 tests[22m[2m | [22m[31m2 failed[39m[2m)[22m[33m 331[2mms[22m[39m
   [32mΓ£ô[39m allows keyboard-only date selection and navigation[32m 257[2mms[22m[39m
[31m   [31m├ù[31m PageUp/PageDown switches months[39m[32m 37[2mms[22m[39m
[31m   [31m├ù[31m presets apply correctly[39m[32m 35[2mms[22m[39m
npm : 
At line:1 char:1
+ npm test -- 
src/components/DateRangePicker/DateRangePicker.test.tsx - ...
+ ~~~~~~~~~~~~~~~~~~~~~~~~~~~~~~~~~~~~~~~~~~~~~~~~~~~~~~~~~~~~~~~~~
~~~~
    + CategoryInfo          : NotSpecified: (:String) [], RemoteEx 
   ception
    + FullyQualifiedErrorId : NativeCommandError
 
[31mΓÄ»ΓÄ»ΓÄ»ΓÄ»ΓÄ»ΓÄ»ΓÄ»[39m[1m[41m Failed Tests 2 
[49m[22m[31mΓÄ»ΓÄ»ΓÄ»ΓÄ»ΓÄ»ΓÄ»ΓÄ»[39m

[41m[1m FAIL [22m[49m 
src/components/DateRangePicker/DateRangePicker.test.tsx[2m > 
[22mPageUp/PageDown switches months
[31m[1mTestingLibraryElementError[22m[39m: Found multiple 
elements with the role "grid"

Here are the matching elements:

Ignored nodes: comments, script, style
[36m<div[39m
  [33maria-activedescendant[39m=[32m"drp-cell-2026-0-20"[39m
  [33maria-label[39m=[32m"Calendar Month"[39m
  [33mclass[39m=[32m"grid gap-1 outline-none"[39m
  [33mrole[39m=[32m"grid"[39m
  [33mtabindex[39m=[32m"0"[39m
[36m>[39m
  [36m<div[39m
    [33mclass[39m=[32m"grid grid-cols-7 gap-1"[39m
    [33mrole[39m=[32m"row"[39m
  [36m>[39m
    [36m<div[39m
      [33mrole[39m=[32m"gridcell"[39m
    [36m/>[39m
    [36m<div[39m
      [33mrole[39m=[32m"gridcell"[39m
    [36m/>[39m
    [36m<div[39m
      [33mrole[39m=[32m"gridcell"[39m
    [36m/>[39m
    [36m<div[39m
      [33mrole[39m=[32m"gridcell"[39m
    [36m/>[39m
    [36m<button[39m
      [33maria-selected[39m=[32m"false"[39m
      [33mclass[39m=[32m"
                  p-2 rounded-md text-sm w-full
                  
                  
                  
                "[39m
      [33mid[39m=[32m"drp-cell-2026-0-1"[39m
      [33mrole[39m=[32m"gridcell"[39m
      [33mtabindex[39m=[32m"-1"[39m
    [36m>[39m
      [0m1[0m
    [36m</button>[39m
    [36m<button[39m
      [33maria-selected[39m=[32m"false"[39m
      [33mclass[39m=[32m"
                  p-2 rounded-md text-sm w-full
                  
                  
                  
                "[39m
      [33mid[39m=[32m"drp-cell-2026-0-2"[39m
      [33mrole[39m=[32m"gridcell"[39m
      [33mtabindex[39m=[32m"-1"[39m
    [36m>[39m
      [0m2[0m
    [36m</button>[39m
    [36m<button[39m
      [33maria-selected[39m=[32m"false"[39m
      [33mclass[39m=[32m"
                  p-2 rounded-md text-sm w-full
                  
                  
                  
                "[39m
      [33mid[39m=[32m"drp-cell-2026-0-3"[39m
      [33mrole[39m=[32m"gridcell"[39m
      [33mtabindex[39m=[32m"-1"[39m
    [36m>[39m
      [0m3[0m
    [36m</button>[39m
  [36m</div>[39m
  [36m<div[39m
    [33mclass[39m=[32m"grid grid-cols-7 gap-1"[39m
    [33mrole[39m=[32m"row"[39m
  [36m>[39m
    [36m<button[39m
      [33maria-selected[39m=[32m"false"[39m
      [33mclass[39m=[32m"
                  p-2 rounded-md text-sm w-full
                  
                  
                  
                "[39m
      [33mid[39m=[32m"drp-cell-2026-0-4"[39m
      [33mrole[39m=[32m"gridcell"[39m
      [33mtabindex[39m=[32m"-1"[39m
    [36m>[39m
      [0m4[0m
    [36m</button>[39m
    [36m<button[39m
      [33maria-selected[39m=[32m"false"[39m
      [33mclass[39m=[32m"
                  p-2 rounded-md text-sm w-full
                  
                  
                  
                "[39m
      [33mid[39m=[32m"drp-cell-2026-0-5"[39m
      [33mrole[39m=[32m"gridcell"[39m
      [33mtabindex[39m=[32m"-1"[39m
    [36m>[39m
      [0m5[0m
    [36m</button>[39m
    [36m<button[39m
      [33maria-selected[39m=[32m"false"[39m
      [33mclass[39m=[32m"
                  p-2 rounded-md text-sm w-full
                  
                  
                  
                "[39m
      [33mid[39m=[32m"drp-cell-2026-0-6"[39m
      [33mrole[39m=[32m"gridcell"[39m
      [33mtabindex[39m=[32m"-1"[39m
    [36m>[39m
      [0m6[0m
    [36m</button>[39m
    [36m<button[39m
      [33maria-selected[39m=[32m"false"[39m
      [33mclass[39m=[32m"
                  p-2 rounded-md text-sm w-full
                  
                  
                  
                "[39m
      [33mid[39m=[32m"drp-cell-2026-0-7"[39m
      [33mrole[39m=[32m"gridcell"[39m
      [33mtabindex[39m=[32m"-1"[39m
    [36m>[39m
      [0m7[0m
    [36m</button>[39m
    [36m<button[39m
      [33maria-selected[39m=[32m"false"[39m
      [33mclass[39m=[32m"
                  p-2 rounded-md text-sm w-full
                  
                  
                  
                "[39m
      [33mid[39m=[32m"drp-cell-2026-0-8"[39m
      [33mrole[39m=[32m"gridcell"[39m
      [33mtabindex[39m=[32m"-1"[39m
    [36m>[39m
      [0m8[0m
    [36m</button>[39m
    [36m<button[39m
      [33maria-selected[39m=[32m"false"[39m
      [33mclass[39m=[32m"
                  p-2 rounded-md text-sm w-full
                  
                  
                  
                "[39m
      [33mid[39m=[32m"drp-cell-2026-0-9"[39m
      [33mrole[39m=[32m"gridcell"[39m
      [33mtabindex[39m=[32m"-1"[39m
    [36m>[39m
      [0m9[0m
    [36m</button>[39m
    [36m<button[39m
      [33maria-selected[39m=[32m"false"[39m
      [33mclass[39m=[32m"
                  p-2 rounded-md text-sm w-full
                  
                  
                  
                "[39m
      [33mid[39m=[32m"drp-cell-2026-0-10"[39m
      [33mrole[39m=[32m"gridcell"[39m
      [33mtabindex[39m=[32m"-1"[39m
    [36m>[39m
      [0m10[0m
    [36m</button>[39m
  [36m</div>[39m
  [36m<div[39m
    [33mclass[39m=[32m"grid grid-cols-7 gap-1"[39m
    [33mrole[39m=[32m"row"[39m
  [36m>[39m
    [36m<button[39m
      [33maria-selected[39m=[32m"false"[39m
      [33mclass[39m=[32m"
                  p-2 rounded-md text-sm w-full
                  
                  
                  
                "[39m
      [33mid[39m=[32m"drp-cell-2026-0-11"[39m
      [33mrole[39m=[32m"gridcell"[39m
      [33mtabindex[39m=[32m"-1"[39m
    [36m>[39m
      [0m11[0m
    [36m</button>[39m
    [36m<button[39m
      [33maria-selected[39m=[32m"false"[39m
      [33mclass[39m=[32m"
                  p-2 rounded-md text-sm w-full
                  
                  
                  
                "[39m
      [33mid[39m=[32m"drp-cell-2026-0-12"[39m
      [33mrole[39m=[32m"gridcell"[39m
      [33mtabindex[39m=[32m"-1"[39m
    [36m>[39m
      [0m12[0m
    [36m</button>[39m
    [36m<button[39m
      [33maria-selected[39m=[32m"false"[39m
      [33mclass[39m=[32m"
                  p-2 rounded-md text-sm w-full
                  
                  
                  
                "[39m
      [33mid[39m=[32m"drp-cell-2026-0-13"[39m
      [33mrole[39m=[32m"gridcell"[39m
      [33mtabindex[39m=[32m"-1"[39m
    [36m>[39m
      [0m13[0m
    [36m</button>[39m
    [36m<button[39m
      [33maria-selected[39m=[32m"false"[39m
      [33mclass[39m=[32m"
                  p-2 rounded-md text-sm w-full
                  
                  
                  
                "[39m
      [33mid[39m=[32m"drp-cell-2026-0-14"[39m
      [33mrole[39m=[32m"gridcell"[39m
      [33mtabindex[39m=[32m"-1"[39m
    [36m>[39m
      [0m14[0m
    [36m</button>[39m
    [36m<button[39m
      [33maria-selected[39m=[32m"false"[39m
      [33mclass[39m=[32m"
                  p-2 rounded-md text-sm w-full
                  
                  
                  
            ...

Ignored nodes: comments, script, style
[36m<div[39m
  [33maria-activedescendant[39m=[32m"drp-cell-2024-0-15"[39m
  [33maria-label[39m=[32m"Calendar Month"[39m
  [33mclass[39m=[32m"grid gap-1 outline-none"[39m
  [33mrole[39m=[32m"grid"[39m
  [33mtabindex[39m=[32m"0"[39m
[36m>[39m
  [36m<div[39m
    [33mclass[39m=[32m"grid grid-cols-7 gap-1"[39m
    [33mrole[39m=[32m"row"[39m
  [36m>[39m
    [36m<div[39m
      [33mrole[39m=[32m"gridcell"[39m
    [36m/>[39m
    [36m<button[39m
      [33maria-selected[39m=[32m"false"[39m
      [33mclass[39m=[32m"
                  p-2 rounded-md text-sm w-full
                  
                  
                  
                "[39m
      [33mid[39m=[32m"drp-cell-2024-0-1"[39m
      [33mrole[39m=[32m"gridcell"[39m
      [33mtabindex[39m=[32m"-1"[39m
    [36m>[39m
      [0m1[0m
    [36m</button>[39m
    [36m<button[39m
      [33maria-selected[39m=[32m"false"[39m
      [33mclass[39m=[32m"
                  p-2 rounded-md text-sm w-full
                  
                  
                  
                "[39m
      [33mid[39m=[32m"drp-cell-2024-0-2"[39m
      [33mrole[39m=[32m"gridcell"[39m
      [33mtabindex[39m=[32m"-1"[39m
    [36m>[39m
      [0m2[0m
    [36m</button>[39m
    [36m<button[39m
      [33maria-selected[39m=[32m"false"[39m
      [33mclass[39m=[32m"
                  p-2 rounded-md text-sm w-full
                  
                  
                  
                "[39m
      [33mid[39m=[32m"drp-cell-2024-0-3"[39m
      [33mrole[39m=[32m"gridcell"[39m
      [33mtabindex[39m=[32m"-1"[39m
    [36m>[39m
      [0m3[0m
    [36m</button>[39m
    [36m<button[39m
      [33maria-selected[39m=[32m"false"[39m
      [33mclass[39m=[32m"
                  p-2 rounded-md text-sm w-full
                  
                  
                  
                "[39m
      [33mid[39m=[32m"drp-cell-2024-0-4"[39m
      [33mrole[39m=[32m"gridcell"[39m
      [33mtabindex[39m=[32m"-1"[39m
    [36m>[39m
      [0m4[0m
    [36m</button>[39m
    [36m<button[39m
      [33maria-selected[39m=[32m"false"[39m
      [33mclass[39m=[32m"
                  p-2 rounded-md text-sm w-full
                  
                  
                  
                "[39m
      [33mid[39m=[32m"drp-cell-2024-0-5"[39m
      [33mrole[39m=[32m"gridcell"[39m
      [33mtabindex[39m=[32m"-1"[39m
    [36m>[39m
      [0m5[0m
    [36m</button>[39m
    [36m<button[39m
      [33maria-selected[39m=[32m"false"[39m
      [33mclass[39m=[32m"
                  p-2 rounded-md text-sm w-full
                  
                  
                  
                "[39m
      [33mid[39m=[32m"drp-cell-2024-0-6"[39m
      [33mrole[39m=[32m"gridcell"[39m
      [33mtabindex[39m=[32m"-1"[39m
    [36m>[39m
      [0m6[0m
    [36m</button>[39m
  [36m</div>[39m
  [36m<div[39m
    [33mclass[39m=[32m"grid grid-cols-7 gap-1"[39m
    [33mrole[39m=[32m"row"[39m
  [36m>[39m
    [36m<button[39m
      [33maria-selected[39m=[32m"false"[39m
      [33mclass[39m=[32m"
                  p-2 rounded-md text-sm w-full
                  
                  
                  
                "[39m
      [33mid[39m=[32m"drp-cell-2024-0-7"[39m
      [33mrole[39m=[32m"gridcell"[39m
      [33mtabindex[39m=[32m"-1"[39m
    [36m>[39m
      [0m7[0m
    [36m</button>[39m
    [36m<button[39m
      [33maria-selected[39m=[32m"false"[39m
      [33mclass[39m=[32m"
                  p-2 rounded-md text-sm w-full
                  
                  
                  
                "[39m
      [33mid[39m=[32m"drp-cell-2024-0-8"[39m
      [33mrole[39m=[32m"gridcell"[39m
      [33mtabindex[39m=[32m"-1"[39m
    [36m>[39m
      [0m8[0m
    [36m</button>[39m
    [36m<button[39m
      [33maria-selected[39m=[32m"false"[39m
      [33mclass[39m=[32m"
                  p-2 rounded-md text-sm w-full
                  
                  
                  
                "[39m
      [33mid[39m=[32m"drp-cell-2024-0-9"[39m
      [33mrole[39m=[32m"gridcell"[39m
      [33mtabindex[39m=[32m"-1"[39m
    [36m>[39m
      [0m9[0m
    [36m</button>[39m
    [36m<button[39m
      [33maria-selected[39m=[32m"false"[39m
      [33mclass[39m=[32m"
                  p-2 rounded-md text-sm w-full
                  
                  
                  
                "[39m
      [33mid[39m=[32m"drp-cell-2024-0-10"[39m
      [33mrole[39m=[32m"gridcell"[39m
      [33mtabindex[39m=[32m"-1"[39m
    [36m>[39m
      [0m10[0m
    [36m</button>[39m
    [36m<button[39m
      [33maria-selected[39m=[32m"false"[39m
      [33mclass[39m=[32m"
                  p-2 rounded-md text-sm w-full
                  
                  
                  
                "[39m
      [33mid[39m=[32m"drp-cell-2024-0-11"[39m
      [33mrole[39m=[32m"gridcell"[39m
      [33mtabindex[39m=[32m"-1"[39m
    [36m>[39m
      [0m11[0m
    [36m</button>[39m
    [36m<button[39m
      [33maria-selected[39m=[32m"false"[39m
      [33mclass[39m=[32m"
                  p-2 rounded-md text-sm w-full
                  
                  
                  
                "[39m
      [33mid[39m=[32m"drp-cell-2024-0-12"[39m
      [33mrole[39m=[32m"gridcell"[39m
      [33mtabindex[39m=[32m"-1"[39m
    [36m>[39m
      [0m12[0m
    [36m</button>[39m
    [36m<button[39m
      [33maria-selected[39m=[32m"false"[39m
      [33mclass[39m=[32m"
                  p-2 rounded-md text-sm w-full
                  
                  
                  
                "[39m
      [33mid[39m=[32m"drp-cell-2024-0-13"[39m
      [33mrole[39m=[32m"gridcell"[39m
      [33mtabindex[39m=[32m"-1"[39m
    [36m>[39m
      [0m13[0m
    [36m</button>[39m
  [36m</div>[39m
  [36m<div[39m
    [33mclass[39m=[32m"grid grid-cols-7 gap-1"[39m
    [33mrole[39m=[32m"row"[39m
  [36m>[39m
    [36m<button[39m
      [33maria-selected[39m=[32m"false"[39m
      [33mclass[39m=[32m"
                  p-2 rounded-md text-sm w-full
                  
                  
                  
                "[39m
      [33mid[39m=[32m"drp-cell-2024-0-14"[39m
      [33mrole[39m=[32m"gridcell"[39m
      [33mtabindex[39m=[32m"-1"[39m
    [36m>[39m
      [0m14[0m
    [36m</button>[39m
    [36m<button[39m
      [33maria-selected[39m=[32m"false"[39m
      [33mclass[39m=[32m"
                  p-2 rounded-md text-sm w-full
                  
                  
                  ring-2 ring-accent
                "[39m
      [33mid[39m=[32m"drp-cell-2024-0-15"[39m
      [33mrole[39m=[32m"gridcell"[39m
      [33mtabindex[39m=[32m"-1"[39m
    [36m>[39m
      [0m15[0m
    [36m</button>[39m
    [36m<button...

(If this is intentional, then use the `*AllBy*` variant of the 
query (like `queryAllByText`, `getAllByText`, or `findAllByText`)).

Ignored nodes: comments, script, style
[36m<body>[39m
  [36m<div>[39m
    [36m<div[39m
      [33mclass[39m=[32m"w-[320px] space-y-4 p-4 border 
rounded-md font-sans bg-white text-gray-900"[39m
      [33mrole[39m=[32m"application"[39m
    [36m>[39m
      [36m<div[39m
        [33mclass[39m=[32m"flex justify-between 
items-center"[39m
      [36m>[39m
        [36m<button[39m
          [33maria-label[39m=[32m"Previous Month"[39m
          [33mclass[39m=[32m"p-1 hover:bg-gray-100 rounded"[39m
        [36m>[39m
          [0mΓùÇ[0m
        [36m</button>[39m
        [36m<div[39m
          [33mclass[39m=[32m"font-medium"[39m
        [36m>[39m
          [0mJanuary 2026[0m
        [36m</div>[39m
        [36m<button[39m
          [33maria-label[39m=[32m"Next Month"[39m
          [33mclass[39m=[32m"p-1 hover:bg-gray-100 rounded"[39m
        [36m>[39m
          [0mΓû╢[0m
        [36m</button>[39m
      [36m</div>[39m
      [36m<div[39m
        [33mclass[39m=[32m"flex justify-end"[39m
      [36m>[39m
        [36m<select[39m
          [33maria-label[39m=[32m"Timezone"[39m
          [33mclass[39m=[32m"border p-1 text-sm rounded"[39m
        [36m>[39m
          [36m<option[39m
            [33mvalue[39m=[32m"UTC"[39m
          [36m>[39m
            [0mUTC[0m
          [36m</option>[39m
          [36m<option[39m
            [33mvalue[39m=[32m"Asia/Kolkata"[39m
          [36m>[39m
            [0mAsia/Kolkata[0m
          [36m</option>[39m
          [36m<option[39m
            [33mvalue[39m=[32m"America/New_York"[39m
          [36m>[39m
            [0mAmerica/New_York[0m
          [36m</option>[39m
          [36m<option[39m
            [33mvalue[39m=[32m"Europe/London"[39m
          [36m>[39m
            [0mEurope/London[0m
          [36m</option>[39m
        [36m</select>[39m
      [36m</div>[39m
      [36m<div[39m
        [33mclass[39m=[32m"outline-none"[39m
      [36m>[39m
        [36m<div[39m
          
[33maria-activedescendant[39m=[32m"drp-cell-2026-0-20"[39m
          [33maria-label[39m=[32m"Calendar Month"[39m
          [33mclass[39m=[32m"grid gap-1 outline-none"[39m
          [33mrole[39m=[32m"grid"[39m
          [33mtabindex[39m=[32m"0"[39m
        [36m>[39m
          [36m<div[39m
            [33mclass[39m=[32m"grid grid-cols-7 gap-1"[39m
            [33mrole[39m=[32m"row"[39m
          [36m>[39m
            [36m<div[39m
              [33mrole[39m=[32m"gridcell"[39m
            [36m/>[39m
            [36m<div[39m
              [33mrole[39m=[32m"gridcell"[39m
            [36m/>[39m
            [36m<div[39m
              [33mrole[39m=[32m"gridcell"[39m
            [36m/>[39m
            [36m<div[39m
              [33mrole[39m=[32m"gridcell"[39m
            [36m/>[39m
            [36m<button[39m
              [33maria-selected[39m=[32m"false"[39m
              [33mclass[39m=[32m"
                  p-2 rounded-md text-sm w-full
                  
                  
                  
                "[39m
              [33mid[39m=[32m"drp-cell-2026-0-1"[39m
              [33mrole[39m=[32m"gridcell"[39m
              [33mtabindex[39m=[32m"-1"[39m
            [36m>[39m
              [0m1[0m
            [36m</button>[39m
            [36m<button[39m
              [33maria-selected[39m=[32m"false"[39m
              [33mclass[39m=[32m"
                  p-2 rounded-md text-sm w-full
                  
                  
                  
                "[39m
              [33mid[39m=[32m"drp-cell-2026-0-2"[39m
              [33mrole[39m=[32m"gridcell"[39m
              [33mtabindex[39m=[32m"-1"[39m
            [36m>[39m
              [0m2[0m
            [36m</button>[39m
            [36m<button[39m
              [33maria-selected[39m=[32m"false"[39m
              [33mclass[39m=[32m"
                  p-2 rounded-md text-sm w-full
                  
                  
                  
                "[39m
              [33mid[39m=[32m"drp-cell-2026-0-3"[39m
              [33mrole[39m=[32m"gridcell"[39m
              [33mtabindex[39m=[32m"-1"[39m
            [36m>[39m
              [0m3[0m
            [36m</button>[39m
          [36m</div>[39m
          [36m<div[39m
            [33mclass[39m=[32m"grid grid-cols-7 gap-1"[39m
            [33mrole[39m=[32m"row"[39m
          [36m>[39m
            [36m<button[39m
              [33maria-selected[39m=[32m"false"[39m
              [33mclass[39m=[32m"
                  p-2 rounded-md text-sm w-full
                  
                  
                  
                "[39m
              [33mid[39m=[32m"drp-cell-2026-0-4"[39m
              [33mrole[39m=[32m"gridcell"[39m
              [33mtabindex[39m=[32m"-1"[39m
            [36m>[39m
              [0m4[0m
            [36m</button>[39m
            [36m<button[39m
              [33maria-selected[39m=[32m"false"[39m
              [33mclass[39m=[32m"
                  p-2 rounded-md text-sm w-full
                  
                  
                  
                "[39m
              [33mid[39m=[32m"drp-cell-2026-0-5"[39m
              [33mrole[39m=[32m"gridcell"[39m
              [33mtabindex[39m=[32m"-1"[39m
            [36m>[39m
              [0m5[0m
            [36m</button>[39m
            [36m<button[39m
              [33maria-selected[39m=[32m"false"[39m
              [33mclass[39m=[32m"
                  p-2 rounded-md text-sm w-full
                  
                  
                  
                "[39m
              [33mid[39m=[32m"drp-cell-2026-0-6"[39m
              [33mrole[39m=[32m"gridcell"[39m
              [33mtabindex[39m=[32m"-1"[39m
            [36m>[39m
              [0m6[0m
            [36m</button>[39m
            [36m<button[39m
              [33maria-selected[39m=[32m"false"[39m
              [33mclass[39m=[32m"
                  p-2 rounded-md text-sm w-full
                  
                  
                  
                "[39m
              [33mid[39m=[32m"drp-cell-2026-0-7"[39m
              [33mrole[39m=[32m"gridcell"[39m
              [33mtabindex[39m=[32m"-1"[39m
            [36m>[39m
              [0m7[0m
            [36m</button>[39m
            [36m<button[39m
              [33maria-selected[39m=[32m"false"[39m
              [33mclass[39m=[32m"
                  p-2 rounded-md text-sm w-full
                  
                  
                  
                "[39m
              [33mid[39m=[32m"drp-cell-2026-0-8"[39m
              [33mrole[39m=[32m"gridcell"[39m
              [33mtabindex[39m=[32m"-1"[39m
            [36m>[39m
              [0m8[0m
            [36m</button>[39m
            [36m<button[39m
              [33maria-selec...
[90m [2mΓ¥»[22m Object.getElementError node_modules/@testing-lib
rary/dom/dist/config.js:[2m37:19[22m[39m
[90m [2mΓ¥»[22m getElementError node_modules/@testing-library/do
m/dist/query-helpers.js:[2m20:35[22m[39m
[90m [2mΓ¥»[22m getMultipleElementsFoundError node_modules/@test
ing-library/dom/dist/query-helpers.js:[2m23:10[22m[39m
[90m [2mΓ¥»[22m node_modules/@testing-library/dom/dist/query-hel
pers.js:[2m55:13[22m[39m
[90m [2mΓ¥»[22m node_modules/@testing-library/dom/dist/query-hel
pers.js:[2m95:19[22m[39m
[36m [2mΓ¥»[22m src/components/DateRangePicker/DateRangePicker.t
est.tsx:[2m35:25[22m[39m
    [90m 33| [39m    render(<DateRangePicker initialDate={new 
Date(2024, 0, 15)} />); /ΓÇª
    [90m 34| [39m
    [90m 35| [39m    [35mconst[39m grid [33m=[39m 
screen[33m.[39m[34mgetByRole[39m([32m"grid"[39m)[33m;[39m
    [90m   | [39m                        [31m^[39m
    [90m 36| [39m    grid[33m.[39m[34mfocus[39m()[33m;[39m
    [90m 37| [39m

[31m[2mΓÄ»ΓÄ»ΓÄ»ΓÄ»ΓÄ»ΓÄ»ΓÄ»ΓÄ»ΓÄ»ΓÄ»ΓÄ»ΓÄ»ΓÄ»ΓÄ»ΓÄ»ΓÄ»ΓÄ»ΓÄ»ΓÄ»Γ
Ä»ΓÄ»ΓÄ»ΓÄ»ΓÄ»[1/2]ΓÄ»[22m[39m

[41m[1m FAIL [22m[49m 
src/components/DateRangePicker/DateRangePicker.test.tsx[2m > 
[22mpresets apply correctly
[31m[1mTestingLibraryElementError[22m[39m: Found multiple 
elements with the text: Today

Here are the matching elements:

Ignored nodes: comments, script, style
[36m<button[39m
  [33mclass[39m=[32m"border px-3 py-1 rounded-md text-sm"[39m
[36m>[39m
  [0mToday[0m
[36m</button>[39m

Ignored nodes: comments, script, style
[36m<button[39m
  [33mclass[39m=[32m"border px-3 py-1 rounded-md text-sm"[39m
[36m>[39m
  [0mToday[0m
[36m</button>[39m

Ignored nodes: comments, script, style
[36m<button[39m
  [33mclass[39m=[32m"border px-3 py-1 rounded-md text-sm"[39m
[36m>[39m
  [0mToday[0m
[36m</button>[39m

(If this is intentional, then use the `*AllBy*` variant of the 
query (like `queryAllByText`, `getAllByText`, or `findAllByText`)).

Ignored nodes: comments, script, style
[36m<body>[39m
  [36m<div>[39m
    [36m<div[39m
      [33mclass[39m=[32m"w-[320px] space-y-4 p-4 border 
rounded-md font-sans bg-white text-gray-900"[39m
      [33mrole[39m=[32m"application"[39m
    [36m>[39m
      [36m<div[39m
        [33mclass[39m=[32m"flex justify-between 
items-center"[39m
      [36m>[39m
        [36m<button[39m
          [33maria-label[39m=[32m"Previous Month"[39m
          [33mclass[39m=[32m"p-1 hover:bg-gray-100 rounded"[39m
        [36m>[39m
          [0mΓùÇ[0m
        [36m</button>[39m
        [36m<div[39m
          [33mclass[39m=[32m"font-medium"[39m
        [36m>[39m
          [0mJanuary 2026[0m
        [36m</div>[39m
        [36m<button[39m
          [33maria-label[39m=[32m"Next Month"[39m
          [33mclass[39m=[32m"p-1 hover:bg-gray-100 rounded"[39m
        [36m>[39m
          [0mΓû╢[0m
        [36m</button>[39m
      [36m</div>[39m
      [36m<div[39m
        [33mclass[39m=[32m"flex justify-end"[39m
      [36m>[39m
        [36m<select[39m
          [33maria-label[39m=[32m"Timezone"[39m
          [33mclass[39m=[32m"border p-1 text-sm rounded"[39m
        [36m>[39m
          [36m<option[39m
            [33mvalue[39m=[32m"UTC"[39m
          [36m>[39m
            [0mUTC[0m
          [36m</option>[39m
          [36m<option[39m
            [33mvalue[39m=[32m"Asia/Kolkata"[39m
          [36m>[39m
            [0mAsia/Kolkata[0m
          [36m</option>[39m
          [36m<option[39m
            [33mvalue[39m=[32m"America/New_York"[39m
          [36m>[39m

[2m Test Files [22m [1m[31m1 failed[39m[22m[90m (1)[39m
[2m      Tests [22m [1m[31m2 failed[39m[22m[2m | [22m[1m[32m1 passed[39m[22m[90m (3)[39m
[2m   Start at [22m 22:44:30
[2m   Duration [22m 2.95s[2m (transform 295ms, setup 0ms, import 881ms, tests 331ms, environment 1.18s)[22m

            [0mAmerica/New_York[0m
          [36m</option>[39m
          [36m<option[39m
            [33mvalue[39m=[32m"Europe/London"[39m
          [36m>[39m
            [0mEurope/London[0m
          [36m</option>[39m
        [36m</select>[39m
      [36m</div>[39m
      [36m<div[39m
        [33mclass[39m=[32m"outline-none"[39m
      [36m>[39m
        [36m<div[39m
          
[33maria-activedescendant[39m=[32m"drp-cell-2026-0-20"[39m
          [33maria-label[39m=[32m"Calendar Month"[39m
          [33mclass[39m=[32m"grid gap-1 outline-none"[39m
          [33mrole[39m=[32m"grid"[39m
          [33mtabindex[39m=[32m"0"[39m
        [36m>[39m
          [36m<div[39m
            [33mclass[39m=[32m"grid grid-cols-7 gap-1"[39m
            [33mrole[39m=[32m"row"[39m
          [36m>[39m
            [36m<div[39m
              [33mrole[39m=[32m"gridcell"[39m
            [36m/>[39m
            [36m<div[39m
              [33mrole[39m=[32m"gridcell"[39m
            [36m/>[39m
            [36m<div[39m
              [33mrole[39m=[32m"gridcell"[39m
            [36m/>[39m
            [36m<div[39m
              [33mrole[39m=[32m"gridcell"[39m
            [36m/>[39m
            [36m<button[39m
              [33maria-selected[39m=[32m"false"[39m
              [33mclass[39m=[32m"
                  p-2 rounded-md text-sm w-full
                  
                  
                  
                "[39m
              [33mid[39m=[32m"drp-cell-2026-0-1"[39m
              [33mrole[39m=[32m"gridcell"[39m
              [33mtabindex[39m=[32m"-1"[39m
            [36m>[39m
              [0m1[0m
            [36m</button>[39m
            [36m<button[39m
              [33maria-selected[39m=[32m"false"[39m
              [33mclass[39m=[32m"
                  p-2 rounded-md text-sm w-full
                  
                  
                  
                "[39m
              [33mid[39m=[32m"drp-cell-2026-0-2"[39m
              [33mrole[39m=[32m"gridcell"[39m
              [33mtabindex[39m=[32m"-1"[39m
            [36m>[39m
              [0m2[0m
            [36m</button>[39m
            [36m<button[39m
              [33maria-selected[39m=[32m"false"[39m
              [33mclass[39m=[32m"
                  p-2 rounded-md text-sm w-full
                  
                  
                  
                "[39m
              [33mid[39m=[32m"drp-cell-2026-0-3"[39m
              [33mrole[39m=[32m"gridcell"[39m
              [33mtabindex[39m=[32m"-1"[39m
            [36m>[39m
              [0m3[0m
            [36m</button>[39m
          [36m</div>[39m
          [36m<div[39m
            [33mclass[39m=[32m"grid grid-cols-7 gap-1"[39m
            [33mrole[39m=[32m"row"[39m
          [36m>[39m
            [36m<button[39m
              [33maria-selected[39m=[32m"false"[39m
              [33mclass[39m=[32m"
                  p-2 rounded-md text-sm w-full
                  
                  
                  
                "[39m
              [33mid[39m=[32m"drp-cell-2026-0-4"[39m
              [33mrole[39m=[32m"gridcell"[39m
              [33mtabindex[39m=[32m"-1"[39m
            [36m>[39m
              [0m4[0m
            [36m</button>[39m
            [36m<button[39m
              [33maria-selected[39m=[32m"false"[39m
              [33mclass[39m=[32m"
                  p-2 rounded-md text-sm w-full
                  
                  
                  
                "[39m
              [33mid[39m=[32m"drp-cell-2026-0-5"[39m
              [33mrole[39m=[32m"gridcell"[39m
              [33mtabindex[39m=[32m"-1"[39m
            [36m>[39m
              [0m5[0m
            [36m</button>[39m
            [36m<button[39m
              [33maria-selected[39m=[32m"false"[39m
              [33mclass[39m=[32m"
                  p-2 rounded-md text-sm w-full
                  
                  
                  
                "[39m
              [33mid[39m=[32m"drp-cell-2026-0-6"[39m
              [33mrole[39m=[32m"gridcell"[39m
              [33mtabindex[39m=[32m"-1"[39m
            [36m>[39m
              [0m6[0m
            [36m</button>[39m
            [36m<button[39m
              [33maria-selected[39m=[32m"false"[39m
              [33mclass[39m=[32m"
                  p-2 rounded-md text-sm w-full
                  
                  
                  
                "[39m
              [33mid[39m=[32m"drp-cell-2026-0-7"[39m
              [33mrole[39m=[32m"gridcell"[39m
              [33mtabindex[39m=[32m"-1"[39m
            [36m>[39m
              [0m7[0m
            [36m</button>[39m
            [36m<button[39m
              [33maria-selected[39m=[32m"false"[39m
              [33mclass[39m=[32m"
                  p-2 rounded-md text-sm w-full
                  
                  
                  
                "[39m
              [33mid[39m=[32m"drp-cell-2026-0-8"[39m
              [33mrole[39m=[32m"gridcell"[39m
              [33mtabindex[39m=[32m"-1"[39m
            [36m>[39m
              [0m8[0m
            [36m</button>[39m
            [36m<button[39m
              [33maria-selec...
[90m [2mΓ¥»[22m Object.getElementError node_modules/@testing-lib
rary/dom/dist/config.js:[2m37:19[22m[39m
[90m [2mΓ¥»[22m getElementError node_modules/@testing-library/do
m/dist/query-helpers.js:[2m20:35[22m[39m
[90m [2mΓ¥»[22m getMultipleElementsFoundError node_modules/@test
ing-library/dom/dist/query-helpers.js:[2m23:10[22m[39m
[90m [2mΓ¥»[22m node_modules/@testing-library/dom/dist/query-hel
pers.js:[2m55:13[22m[39m
[90m [2mΓ¥»[22m node_modules/@testing-library/dom/dist/query-hel
pers.js:[2m95:19[22m[39m
[36m [2mΓ¥»[22m src/components/DateRangePicker/DateRangePicker.t
est.tsx:[2m53:29[22m[39m
    [90m 51| [39m    
[34mrender[39m([33m<[39m[33mDateRangePicker[39m 
[33m/[39m[33m>[39m)[33m;[39m
    [90m 52| [39m
    [90m 53| [39m    [35mconst[39m todayBtn [33m=[39m 
screen[33m.[39m[34mgetByText[39m([32m"Today"[39m)[33m;[39m
    [90m   | [39m                            [31m^[39m
    [90m 54| [39m    [35mawait[39m 
user[33m.[39m[34mclick[39m(todayBtn)[33m;[39m
    [90m 55| [39m

[31m[2mΓÄ»ΓÄ»ΓÄ»ΓÄ»ΓÄ»ΓÄ»ΓÄ»ΓÄ»ΓÄ»ΓÄ»ΓÄ»ΓÄ»ΓÄ»ΓÄ»ΓÄ»ΓÄ»ΓÄ»ΓÄ»ΓÄ»Γ
Ä»ΓÄ»ΓÄ»ΓÄ»ΓÄ»[2/2]ΓÄ»[22m[39m

